== bundle integrity
ok
== GPU
NVIDIA A10, 580.105.08, 23028 MiB
== GPU memory (ECC)
ECC Enabled | uncorrectable: volatile 0, aggregate 0 | correctable: volatile 0, aggregate 0
== system
Ubuntu 24.04.4 LTS
glibc 2.39
python3 3.12.3
venv: available
== disk
/dev/vda1       1.4T   23G  1.4T   2% /
== VLLM_* variables
(none)
== inferscope
inferscope: inferscope 0.5.0
== Hugging Face token
absent: anonymous download
PHASE0 OK | gpu=NVIDIA A10 | driver=580.105.08 | glibc=2.39 | python=3.12.3 | disk=1333G
