warmup: seme 1001 | richieste 24 | fedelta' OK | adattatori ['a1', 'a2', 'a3', 'a4', 'a5', 'a6', 'a7', 'a8']
d2-c64: seme 1002 | richieste 168 | fedelta' OK | adattatori ['a1', 'a2', 'a3', 'a4', 'a5', 'a6', 'a7', 'a8']
d2-c32: seme 1003 | richieste 168 | fedelta' OK | adattatori ['a1', 'a2', 'a3', 'a4', 'a5', 'a6', 'a7', 'a8']
d2-c16: seme 1004 | richieste 168 | fedelta' OK | adattatori ['a1', 'a2', 'a3', 'a4', 'a5', 'a6', 'a7', 'a8']
d2-c8: seme 1005 | richieste 168 | fedelta' OK | adattatori ['a1', 'a2', 'a3', 'a4', 'a5', 'a6', 'a7', 'a8']
d3-n1-r1: seme 1006 | richieste 168 | fedelta' OK | adattatori ['a1']
d3-n8-r1: seme 1007 | richieste 168 | fedelta' OK | adattatori ['a1', 'a2', 'a3', 'a4', 'a5', 'a6', 'a7', 'a8']
d3-n1-r2: seme 1008 | richieste 168 | fedelta' OK | adattatori ['a1']
d3-n8-r2: seme 1009 | richieste 168 | fedelta' OK | adattatori ['a1', 'a2', 'a3', 'a4', 'a5', 'a6', 'a7', 'a8']
d3-n1-r3: seme 1010 | richieste 168 | fedelta' OK | adattatori ['a1']
  d3-n1-r3[140] a1: 16 blocchi = 256 token in comune con d3-n1-r3[114]
d3-n8-r3: seme 1011 | richieste 168 | fedelta' OK | adattatori ['a1', 'a2', 'a3', 'a4', 'a5', 'a6', 'a7', 'a8']
r30-a: seme 777 | richieste 24 | fedelta' OK | adattatori ['a1', 'a2', 'a3', 'a4', 'a5', 'a6', 'a7', 'a8']
r30-b: seme 777 | richieste 24 | fedelta' OK | adattatori ['a1', 'a2', 'a3', 'a4', 'a5', 'a6', 'a7', 'a8']
  r30-b[0] a1: 16 blocchi = 256 token in comune con r30-a[0]
  r30-b[1] a2: 16 blocchi = 256 token in comune con r30-a[1]
  r30-b[2] a3: 16 blocchi = 256 token in comune con r30-a[2]
  r30-b[3] a4: 16 blocchi = 256 token in comune con r30-a[3]
  r30-b[4] a5: 16 blocchi = 256 token in comune con r30-a[4]
  r30-b[5] a6: 16 blocchi = 256 token in comune con r30-a[5]
  r30-b[6] a7: 16 blocchi = 256 token in comune con r30-a[6]
  r30-b[7] a8: 16 blocchi = 256 token in comune con r30-a[7]
  r30-b[8] a1: 16 blocchi = 256 token in comune con r30-a[8]
  r30-b[9] a2: 16 blocchi = 256 token in comune con r30-a[9]
  r30-b[10] a3: 16 blocchi = 256 token in comune con r30-a[10]
  r30-b[11] a4: 16 blocchi = 256 token in comune con r30-a[11]
  r30-b[12] a5: 16 blocchi = 256 token in comune con r30-a[12]
  r30-b[13] a6: 16 blocchi = 256 token in comune con r30-a[13]
  r30-b[14] a7: 16 blocchi = 256 token in comune con r30-a[14]
  r30-b[15] a8: 16 blocchi = 256 token in comune con r30-a[15]
  r30-b[16] a1: 16 blocchi = 256 token in comune con r30-a[16]
  r30-b[17] a2: 16 blocchi = 256 token in comune con r30-a[17]
  r30-b[18] a3: 16 blocchi = 256 token in comune con r30-a[18]
  r30-b[19] a4: 16 blocchi = 256 token in comune con r30-a[19]
  r30-b[20] a5: 16 blocchi = 256 token in comune con r30-a[20]
  r30-b[21] a6: 16 blocchi = 256 token in comune con r30-a[21]
  r30-b[22] a7: 16 blocchi = 256 token in comune con r30-a[22]
  r30-b[23] a8: 16 blocchi = 256 token in comune con r30-a[23]
FINE
